// Jest Snapshot v1, https://goo.gl/fbAQLP

exports[`ListCandidates should match a snapshot 1`] = `<Loader />`;

exports[`ListCandidates should match a snapshot 2`] = `
<PageLayout>
  <section
    className="container list-candidates"
  >
    <h3
      className="titulo"
    >
      Lista de Candidatos e Candidatas
    </h3>
    <h4>
      Veja abaixo a lista de candidatos e candidatas que já fizeram o cadastro ou estão com cadastro incompleto no Vota SP.
    </h4>
    <h4>
      Caso você procure o candidato ou candidata e não encontre é porque ele ou ela ainda não fez o cadastro.
    </h4>
    <h4>
      Agradecemos muito se puder avisá-lo ou avaisá-la para se cadastrar.
    </h4>
    <h4>
      Somente aparecem no ranking os cadastros completos
    </h4>
  </section>
</PageLayout>
`;
