// Jest Snapshot v1, https://goo.gl/fbAQLP

exports[`RedefinePassword should match a snapshot 1`] = `
<FormLayout
  errorMessage={null}
  hideTabs={true}
  successMessage={null}
>
  <h1
    className="redefine-password__title"
  >
    Recuperação de senha
  </h1>
  <form
    onSubmit={[Function]}
  >
    <section
      className="authentication__form-content"
    >
      <div
        className="field-wrapper"
      >
        <label
          htmlFor="email"
        >
          E-mail
        </label>
        <input
          className="input"
          id="email"
          name="email"
          placeholder="Informe o e-mail cadastrado"
          required={true}
          type="text"
        />
      </div>
    </section>
    <button
      className="authentication__submit-button"
      disabled={false}
    >
      Recuperar senha
    </button>
  </form>
</FormLayout>
`;
